// Jest Snapshot v1, https://jestjs.io/docs/snapshot-testing

exports[`Page controller helpers should return a valid human readable v1 response 1`] = `
"^ For security reasons, the links in this email expire at 12:00am on Sunday 30 November 2025

Example notify form form received at 12:00am on 1 September 2025.

---

## What is your name?

Someone

---

## Additional details

---

## What is your address?

1 Anywhere Street
Anywhereville
Anywhereshire
AN1 2WH

---

## What is your date of birth?

1 January 2000

---

## What month is it?

August 2025

---

## Team Member

[Download Team Member \\(CSV\\)](http://designer/file-download/e3005cd2-8b1c-4dc4-b2ac-bd1ff73666a9)

---

## Who are your favourite LotR characters?

* Gandalf
* Frodo

---

## Please add supporting evidence

Uploaded 1 file:

* [supporting\\_evidence\\.pdf](http://designer/file-download/ef4863e9-7e9e-40d0-8fea-cf34faf098cd)

---

[Download main form \\(CSV\\)](http://designer/file-download/818d567d-ee05-4a7a-8c49-d5c54fb09b16)
"
`;

exports[`Page controller helpers should return a valid human readable v1 response 2 1`] = `
"^ For security reasons, the links in this email expire at 1:00am on Sunday 30 November 2025

Pizza Form form received at 1:00am on 1 September 2025.

---

## Pizza

[Download Pizza \\(CSV\\)](http://designer/file-download/11111111-1111-1111-1111-111111111111)

---

## How would you like to receive your pizza?

Delivery

---

[Download main form \\(CSV\\)](http://designer/file-download/00000000-0000-0000-0000-000000000000)
"
`;
